Initialized native services in: /Users/user/.gradle/native
Initialized jansi services in: /Users/user/.gradle/native
Found daemon DaemonInfo{pid=12429, address=[67e74799-50d5-48ff-8a2a-6975ad70465a port:53172, addresses:[/127.0.0.1]], state=Idle, lastBusy=1775204063921, context=DefaultDaemonContext[uid=973a144a-862e-45ad-a944-870094ceb40b,javaHome=/Users/user/Library/Java/JavaVirtualMachines/ms-21.0.10/Contents/Home,javaVersion=21,javaVendor=Microsoft,daemonRegistryDir=/Users/user/.gradle/daemon,pid=12429,idleTimeout=10800000,priority=NORMAL,applyInstrumentationAgent=true,nativeServicesMode=ENABLED,daemonOpts=-XX:MaxMetaspaceSize=384m,-XX:+HeapDumpOnOutOfMemoryError,-Xms256m,-Xmx512m,-Dfile.encoding=UTF-8,-Duser.country,-Duser.language=ko,-Duser.variant]} however its context does not match the desired criteria.
At least one daemon option is different.
Wanted: DaemonRequestContext{jvmCriteria=/Users/user/Library/Java/JavaVirtualMachines/ms-21.0.10/Contents/Home (no JDK specified, using current Java home), daemonOpts=[-XX:MaxMetaspaceSize=384m, -XX:+HeapDumpOnOutOfMemoryError, -Xms256m, -Xmx512m, -Dfile.encoding=UTF-8, -Duser.country=KR, -Duser.language=ko, -Duser.variant], applyInstrumentationAgent=true, nativeServicesMode=ENABLED, priority=NORMAL}
Actual: DefaultDaemonContext[uid=973a144a-862e-45ad-a944-870094ceb40b,javaHome=/Users/user/Library/Java/JavaVirtualMachines/ms-21.0.10/Contents/Home,javaVersion=21,javaVendor=Microsoft,daemonRegistryDir=/Users/user/.gradle/daemon,pid=12429,idleTimeout=10800000,priority=NORMAL,applyInstrumentationAgent=true,nativeServicesMode=ENABLED,daemonOpts=-XX:MaxMetaspaceSize=384m,-XX:+HeapDumpOnOutOfMemoryError,-Xms256m,-Xmx512m,-Dfile.encoding=UTF-8,-Duser.country,-Duser.language=ko,-Duser.variant]

  Looking for a different daemon...
The client will now receive all logging from the daemon (pid: 23569). The daemon log file: /Users/user/.gradle/daemon/9.0.0/daemon-23569.out.log
Starting 20th build in daemon [uptime: 58 mins 40.543 secs, performance: 100%, GC rate: 0.00/s, heap usage: 3% of 512 MiB, non-heap usage: 21% of 384 MiB]
Using 12 worker leases.
Now considering [/Users/user/projects/point] as hierarchies to watch
Watching the file system is configured to be enabled if available
File system watching is active
Starting Build
Settings evaluated using settings file '/Users/user/projects/point/settings.gradle'.
Projects loaded. Root project using build file '/Users/user/projects/point/build.gradle'.
Included projects: [root project 'point']

> Configure project :
Evaluating root project 'point' using build file '/Users/user/projects/point/build.gradle'.
Resolved plugin [id: 'java']
Resolved plugin [id: 'org.springframework.boot', version: '3.4.1']
Resolved plugin [id: 'io.spring.dependency-management', version: '1.1.7']
Applying dependency management to configuration 'annotationProcessor' in project 'point'
Applying dependency management to configuration 'apiElements' in project 'point'
Applying dependency management to configuration 'archives' in project 'point'
Applying dependency management to configuration 'bootArchives' in project 'point'
Applying dependency management to configuration 'compileClasspath' in project 'point'
Applying dependency management to configuration 'compileOnly' in project 'point'
Applying dependency management to configuration 'default' in project 'point'
Applying dependency management to configuration 'developmentOnly' in project 'point'
Applying dependency management to configuration 'implementation' in project 'point'
Applying dependency management to configuration 'mainSourceElements' in project 'point'
Applying dependency management to configuration 'productionRuntimeClasspath' in project 'point'
Applying dependency management to configuration 'runtimeClasspath' in project 'point'
Applying dependency management to configuration 'runtimeElements' in project 'point'
Applying dependency management to configuration 'runtimeOnly' in project 'point'
Applying dependency management to configuration 'testAndDevelopmentOnly' in project 'point'
Applying dependency management to configuration 'testAnnotationProcessor' in project 'point'
Applying dependency management to configuration 'testCompileClasspath' in project 'point'
Applying dependency management to configuration 'testCompileOnly' in project 'point'
Applying dependency management to configuration 'testImplementation' in project 'point'
Applying dependency management to configuration 'testResultsElementsForTest' in project 'point'
Applying dependency management to configuration 'testRuntimeClasspath' in project 'point'
Applying dependency management to configuration 'testRuntimeOnly' in project 'point'
All projects evaluated.
Task name matched 'cleanTest'
Task name matched 'test'
Selected primary task 'cleanTest' from project :
Selected primary task 'test' from project :
Starting process 'command '/usr/libexec/java_home''. Working directory: /Users/user/.gradle/daemon/9.0.0 Command: /usr/libexec/java_home -V
Successfully started process 'command '/usr/libexec/java_home''
Resolving global dependency management for project 'point'
Excluding []
Excluding []
Excluding []
Excluding []
Excluding []
Excluding []
Tasks to be executed: [task ':cleanTest', task ':compileJava', task ':processResources', task ':classes', task ':compileTestJava', task ':processTestResources', task ':testClasses', task ':test']
Tasks that were excluded: []
Resolve mutations for :cleanTest (Thread[#3331,Execution worker,5,main]) started.
:cleanTest (Thread[#3331,Execution worker,5,main]) started.
destroyer locations for task group 0 (Thread[#3330,included builds,5,main]) started.

> Task :cleanTest
Caching disabled for task ':cleanTest' because:
  Build cache is disabled
Task ':cleanTest' is not up-to-date because:
  Task has not declared any outputs despite executing actions.
Resolve mutations for :compileJava (Thread[#3331,Execution worker,5,main]) started.
:compileJava (Thread[#3331,Execution worker,5,main]) started.

> Task :compileJava UP-TO-DATE
Custom actions are attached to task ':compileJava'.
Caching disabled for task ':compileJava' because:
  Build cache is disabled
Skipping task ':compileJava' as it is up-to-date.
Resolve mutations for :processResources (Thread[#3331,Execution worker,5,main]) started.
:processResources (Thread[#3330,included builds,5,main]) started.

> Task :processResources UP-TO-DATE
Caching disabled for task ':processResources' because:
  Build cache is disabled
  Not worth caching
Skipping task ':processResources' as it is up-to-date.
Resolve mutations for :classes (Thread[#3330,included builds,5,main]) started.
:classes (Thread[#3330,included builds,5,main]) started.

> Task :classes UP-TO-DATE
Skipping task ':classes' as it has no actions.
Resolve mutations for :compileTestJava (Thread[#3330,included builds,5,main]) started.
:compileTestJava (Thread[#3330,included builds,5,main]) started.

> Task :compileTestJava UP-TO-DATE
Custom actions are attached to task ':compileTestJava'.
Caching disabled for task ':compileTestJava' because:
  Build cache is disabled
Skipping task ':compileTestJava' as it is up-to-date.
Resolve mutations for :processTestResources (Thread[#3330,included builds,5,main]) started.
:processTestResources (Thread[#3330,included builds,5,main]) started.

> Task :processTestResources NO-SOURCE
Skipping task ':processTestResources' as it has no source files and no previous output files.
Resolve mutations for :testClasses (Thread[#3330,included builds,5,main]) started.
:testClasses (Thread[#3330,included builds,5,main]) started.

> Task :testClasses UP-TO-DATE
Skipping task ':testClasses' as it has no actions.
Resolve mutations for :test (Thread[#3330,included builds,5,main]) started.
:test (Thread[#3330,included builds,5,main]) started.
Gradle Test Executor 7 started executing tests.

> Task :test
Caching disabled for task ':test' because:
  Build cache is disabled
Task ':test' is not up-to-date because:
  Task has failed previously.
Starting process 'Gradle Test Executor 7'. Working directory: /Users/user/projects/point Command: /Users/user/Library/Java/JavaVirtualMachines/ms-21.0.10/Contents/Home/bin/java -Dorg.gradle.internal.worker.tmpdir=/Users/user/projects/point/build/tmp/test/work @/Users/user/.gradle/.tmp/gradle-worker-classpath12743403573945005454txt -Xmx512m -Dfile.encoding=UTF-8 -Duser.country=KR -Duser.language=ko -Duser.variant -ea worker.org.gradle.process.internal.worker.GradleWorkerMain 'Gradle Test Executor 7'
Successfully started process 'Gradle Test Executor 7'

PointScenarioTest STANDARD_OUT
    17:18:46.437 [Test worker] INFO org.springframework.test.context.support.AnnotationConfigContextLoaderUtils -- Could not detect default configuration classes for test class [org.musinsa.payments.point.scenario.PointScenarioTest]: PointScenarioTest does not declare any static, non-private, non-final, nested classes annotated with @Configuration.
    17:18:46.503 [Test worker] INFO org.springframework.boot.test.context.SpringBootTestContextBootstrapper -- Found @SpringBootConfiguration org.musinsa.payments.point.PointApplication for test class org.musinsa.payments.point.scenario.PointScenarioTest

      .   ____          _            __ _ _
     /\\ / ___'_ __ _ _(_)_ __  __ _ \ \ \ \
    ( ( )\___ | '_ | '_| | '_ \/ _` | \ \ \ \
     \\/  ___)| |_)| | | | | || (_| |  ) ) ) )
      '  |____| .__|_| |_|_| |_\__, | / / / /
     =========|_|==============|___/=/_/_/_/

     :: Spring Boot ::                (v3.4.1)

    2026-04-03T17:18:46.717+09:00  INFO 33069 --- [    Test worker] o.m.p.point.scenario.PointScenarioTest   : Starting PointScenarioTest using Java 21.0.10 with PID 33069 (started by user in /Users/user/projects/point)
    2026-04-03T17:18:46.718+09:00  INFO 33069 --- [    Test worker] o.m.p.point.scenario.PointScenarioTest   : No active profile set, falling back to 1 default profile: "default"
    2026-04-03T17:18:47.135+09:00  INFO 33069 --- [    Test worker] .s.d.r.c.RepositoryConfigurationDelegate : Bootstrapping Spring Data JPA repositories in DEFAULT mode.
    2026-04-03T17:18:47.167+09:00  INFO 33069 --- [    Test worker] .s.d.r.c.RepositoryConfigurationDelegate : Finished Spring Data repository scanning in 26 ms. Found 6 JPA repository interfaces.
    2026-04-03T17:18:47.467+09:00  INFO 33069 --- [    Test worker] o.hibernate.jpa.internal.util.LogHelper  : HHH000204: Processing PersistenceUnitInfo [name: default]
    2026-04-03T17:18:47.501+09:00  INFO 33069 --- [    Test worker] org.hibernate.Version                    : HHH000412: Hibernate ORM core version 6.6.4.Final
    2026-04-03T17:18:47.519+09:00  INFO 33069 --- [    Test worker] o.h.c.internal.RegionFactoryInitiator    : HHH000026: Second-level cache disabled
    2026-04-03T17:18:47.649+09:00  INFO 33069 --- [    Test worker] o.s.o.j.p.SpringPersistenceUnitInfo      : No LoadTimeWeaver setup: ignoring JPA class transformer
    2026-04-03T17:18:47.665+09:00  INFO 33069 --- [    Test worker] com.zaxxer.hikari.HikariDataSource       : HikariPool-1 - Starting...
    2026-04-03T17:18:47.832+09:00  INFO 33069 --- [    Test worker] com.zaxxer.hikari.pool.HikariPool        : HikariPool-1 - Added connection conn1: url=jdbc:h2:file:./data/billing user=SA
    2026-04-03T17:18:47.833+09:00  INFO 33069 --- [    Test worker] com.zaxxer.hikari.HikariDataSource       : HikariPool-1 - Start completed.
    2026-04-03T17:18:47.867+09:00  INFO 33069 --- [    Test worker] org.hibernate.orm.connections.pooling    : HHH10001005: Database info:
    	Database JDBC URL [Connecting through datasource 'HikariDataSource (HikariPool-1)']
    	Database driver: undefined/unknown
    	Database version: 2.3.232
    	Autocommit mode: undefined/unknown
    	Isolation level: undefined/unknown
    	Minimum pool size: undefined/unknown
    	Maximum pool size: undefined/unknown
    2026-04-03T17:18:48.377+09:00  INFO 33069 --- [    Test worker] o.h.e.t.j.p.i.JtaPlatformInitiator       : HHH000489: No JTA platform available (set 'hibernate.transaction.jta.platform' to enable JTA platform integration)
    2026-04-03T17:18:48.403+09:00  INFO 33069 --- [    Test worker] j.LocalContainerEntityManagerFactoryBean : Initialized JPA EntityManagerFactory for persistence unit 'default'
    2026-04-03T17:18:48.545+09:00  INFO 33069 --- [    Test worker] o.s.d.j.r.query.QueryEnhancerFactory     : Hibernate is in classpath; If applicable, HQL parser will be used.
    2026-04-03T17:18:49.194+09:00  WARN 33069 --- [    Test worker] JpaBaseConfiguration$JpaWebConfiguration : spring.jpa.open-in-view is enabled by default. Therefore, database queries may be performed during view rendering. Explicitly configure spring.jpa.open-in-view to disable this warning
    2026-04-03T17:18:49.444+09:00  INFO 33069 --- [    Test worker] o.s.b.a.h2.H2ConsoleAutoConfiguration    : H2 console available at '/h2-console'. Database available at 'jdbc:h2:file:./data/billing'
    2026-04-03T17:18:49.510+09:00  INFO 33069 --- [    Test worker] o.m.p.point.scenario.PointScenarioTest   : Started PointScenarioTest in 2.937 seconds (process running for 3.611)

PointScenarioTest > 요구사항 예시 시나리오 정밀 테스트 (A~E 키 및 만료 처리) STANDARD_ERROR
    Mockito is currently self-attaching to enable the inline-mock-maker. This will no longer work in future releases of the JDK. Please add Mockito as an agent to your build what is described in Mockito's documentation: https://javadoc.io/doc/org.mockito/mockito-core/latest/org/mockito/Mockito.html#0.3
    WARNING: A Java agent has been loaded dynamically (/Users/user/.gradle/caches/modules-2/files-2.1/net.bytebuddy/byte-buddy-agent/1.15.11/a38b16385e867f59a641330f0362ebe742788ed8/byte-buddy-agent-1.15.11.jar)
    WARNING: If a serviceability tool is in use, please run with -XX:+EnableDynamicAgentLoading to hide this warning
    WARNING: If a serviceability tool is not in use, please run with -Djdk.instrument.traceUsage for more information
    WARNING: Dynamic loading of agents will be disallowed by default in a future release

OpenJDK 64-Bit Server VM warning: Sharing is only supported for boot loader classes because bootstrap classpath has been appended
Gradle Test Executor 7 finished executing tests.
2026-04-03T17:18:50.026+09:00  INFO 33069 --- [ionShutdownHook] j.LocalContainerEntityManagerFactoryBean : Closing JPA EntityManagerFactory for persistence unit 'default'
2026-04-03T17:18:50.027+09:00  INFO 33069 --- [ionShutdownHook] com.zaxxer.hikari.HikariDataSource       : HikariPool-1 - Shutdown initiated...
2026-04-03T17:18:50.027+09:00  INFO 33069 --- [ionShutdownHook] com.zaxxer.hikari.HikariDataSource       : HikariPool-1 - Shutdown completed.

> Task :test FAILED

PointScenarioTest > 요구사항 예시 시나리오 정밀 테스트 (A~E 키 및 만료 처리) STANDARD_OUT

    ===== [ 초기 상태 ] =====

    [USER_ACCOUNT]
    userId | name | remainingPoint
    -------|------|---------------
    yonkum | 김원겸 | 0
    user1 | 시나리오유저 | 0

    [POINT]
    pointKey | amount | remainingPoint | cancelled | expired | expiryDateTime
    ---------|--------|----------------|-----------|---------|---------------

    [ORDERS]
    orderNo | userId | orderedPoint | type
    --------|--------|-------------|-------

    [POINT_USAGE_DETAIL]
    id | orderNo | pointKey | usedAmount
    ---|---------|----------|-----------

    [ORDER_CANCEL]
    id | orderNo | cancelAmount | cancelDateTime
    ---|---------|--------------|---------------
    ==============================


    ===== [ 1000원 적립 (A) ] =====

    [USER_ACCOUNT]
    userId | name | remainingPoint
    -------|------|---------------
    yonkum | 김원겸 | 0
    user1 | 시나리오유저 | 1000

    [POINT]
    pointKey | amount | remainingPoint | cancelled | expired | expiryDateTime
    ---------|--------|----------------|-----------|---------|---------------
    20260403000001 | 1000 | 1000 | false | false | 2027-04-03T17:18:49.944429

    [ORDERS]
    orderNo | userId | orderedPoint | type
    --------|--------|-------------|-------

    [POINT_USAGE_DETAIL]
    id | orderNo | pointKey | usedAmount
    ---|---------|----------|-----------

    [ORDER_CANCEL]
    id | orderNo | cancelAmount | cancelDateTime
    ---|---------|--------------|---------------
    ==============================


    ===== [ 500원 적립 (B) ] =====

    [USER_ACCOUNT]
    userId | name | remainingPoint
    -------|------|---------------
    yonkum | 김원겸 | 0
    user1 | 시나리오유저 | 1500

    [POINT]
    pointKey | amount | remainingPoint | cancelled | expired | expiryDateTime
    ---------|--------|----------------|-----------|---------|---------------
    20260403000001 | 1000 | 1000 | false | false | 2027-04-03T17:18:49.944429
    20260403000002 | 500 | 500 | false | false | 2027-04-03T17:18:49.970786

    [ORDERS]
    orderNo | userId | orderedPoint | type
    --------|--------|-------------|-------

    [POINT_USAGE_DETAIL]
    id | orderNo | pointKey | usedAmount
    ---|---------|----------|-----------

    [ORDER_CANCEL]
    id | orderNo | cancelAmount | cancelDateTime
    ---|---------|--------------|---------------
    ==============================

    2026-04-03T17:18:49.991+09:00  WARN 33069 --- [    Test worker] o.h.engine.jdbc.spi.SqlExceptionHelper   : SQL Error: 23502, SQLState: 23502
    2026-04-03T17:18:49.992+09:00 ERROR 33069 --- [    Test worker] o.h.engine.jdbc.spi.SqlExceptionHelper   : NULL not allowed for column "CANCELLED_AMOUNT"; SQL statement:
    insert into "order" (cancelled_point,order_no,ordered_point,reg_date,reg_date_time,type,upd_date,upd_date_time,user_id,id) values (?,?,?,?,?,?,?,?,?,default) [23502-232]

PointScenarioTest > 요구사항 예시 시나리오 정밀 테스트 (A~E 키 및 만료 처리) FAILED
    org.springframework.dao.DataIntegrityViolationException: could not execute statement [NULL not allowed for column "CANCELLED_AMOUNT"; SQL statement:
    insert into "order" (cancelled_point,order_no,ordered_point,reg_date,reg_date_time,type,upd_date,upd_date_time,user_id,id) values (?,?,?,?,?,?,?,?,?,default) [23502-232]] [insert into "order" (cancelled_point,order_no,ordered_point,reg_date,reg_date_time,type,upd_date,upd_date_time,user_id,id) values (?,?,?,?,?,?,?,?,?,default)]; SQL [insert into "order" (cancelled_point,order_no,ordered_point,reg_date,reg_date_time,type,upd_date,upd_date_time,user_id,id) values (?,?,?,?,?,?,?,?,?,default)]; constraint [null]
        at app//org.springframework.orm.jpa.vendor.HibernateJpaDialect.convertHibernateAccessException(HibernateJpaDialect.java:290)
        at app//org.springframework.orm.jpa.vendor.HibernateJpaDialect.translateExceptionIfPossible(HibernateJpaDialect.java:241)
        at app//org.springframework.orm.jpa.AbstractEntityManagerFactoryBean.translateExceptionIfPossible(AbstractEntityManagerFactoryBean.java:560)
        at app//org.springframework.dao.support.ChainedPersistenceExceptionTranslator.translateExceptionIfPossible(ChainedPersistenceExceptionTranslator.java:61)
        at app//org.springframework.dao.support.DataAccessUtils.translateIfNecessary(DataAccessUtils.java:343)
        at app//org.springframework.dao.support.PersistenceExceptionTranslationInterceptor.invoke(PersistenceExceptionTranslationInterceptor.java:160)
        at app//org.springframework.aop.framework.ReflectiveMethodInvocation.proceed(ReflectiveMethodInvocation.java:184)
        at app//org.springframework.data.jpa.repository.support.CrudMethodMetadataPostProcessor$CrudMethodMetadataPopulatingMethodInterceptor.invoke(CrudMethodMetadataPostProcessor.java:165)
        at app//org.springframework.aop.framework.ReflectiveMethodInvocation.proceed(ReflectiveMethodInvocation.java:184)
        at app//org.springframework.aop.framework.JdkDynamicAopProxy.invoke(JdkDynamicAopProxy.java:223)
        at app/jdk.proxy3/jdk.proxy3.$Proxy160.save(Unknown Source)
        at app//org.musinsa.payments.point.service.PointService.use(PointService.java:136)
        at java.base@21.0.10/jdk.internal.reflect.DirectMethodHandleAccessor.invoke(DirectMethodHandleAccessor.java:103)
        at java.base@21.0.10/java.lang.reflect.Method.invoke(Method.java:580)
        at app//org.springframework.aop.support.AopUtils.invokeJoinpointUsingReflection(AopUtils.java:359)
        at app//org.springframework.aop.framework.ReflectiveMethodInvocation.invokeJoinpoint(ReflectiveMethodInvocation.java:196)
        at app//org.springframework.aop.framework.ReflectiveMethodInvocation.proceed(ReflectiveMethodInvocation.java:163)
        at app//org.springframework.transaction.interceptor.TransactionAspectSupport.invokeWithinTransaction(TransactionAspectSupport.java:380)
        at app//org.springframework.transaction.interceptor.TransactionInterceptor.invoke(TransactionInterceptor.java:119)
        at app//org.springframework.aop.framework.ReflectiveMethodInvocation.proceed(ReflectiveMethodInvocation.java:184)
        at app//org.springframework.aop.framework.CglibAopProxy$DynamicAdvisedInterceptor.intercept(CglibAopProxy.java:727)
        at app//org.musinsa.payments.point.service.PointService$$SpringCGLIB$$0.use(<generated>)
        at app//org.musinsa.payments.point.scenario.PointScenarioTest.detailedScenarioTest(PointScenarioTest.java:67)

        Caused by:
        org.hibernate.exception.ConstraintViolationException: could not execute statement [NULL not allowed for column "CANCELLED_AMOUNT"; SQL statement:
        insert into "order" (cancelled_point,order_no,ordered_point,reg_date,reg_date_time,type,upd_date,upd_date_time,user_id,id) values (?,?,?,?,?,?,?,?,?,default) [23502-232]] [insert into "order" (cancelled_point,order_no,ordered_point,reg_date,reg_date_time,type,upd_date,upd_date_time,user_id,id) values (?,?,?,?,?,?,?,?,?,default)]
            at app//org.hibernate.exception.internal.SQLExceptionTypeDelegate.convert(SQLExceptionTypeDelegate.java:62)
            at app//org.hibernate.exception.internal.StandardSQLExceptionConverter.convert(StandardSQLExceptionConverter.java:58)
            at app//org.hibernate.engine.jdbc.spi.SqlExceptionHelper.convert(SqlExceptionHelper.java:108)
            at app//org.hibernate.engine.jdbc.internal.ResultSetReturnImpl.executeUpdate(ResultSetReturnImpl.java:197)
            at app//org.hibernate.id.insert.GetGeneratedKeysDelegate.performMutation(GetGeneratedKeysDelegate.java:116)
            at app//org.hibernate.engine.jdbc.mutation.internal.MutationExecutorSingleNonBatched.performNonBatchedOperations(MutationExecutorSingleNonBatched.java:47)
            at app//org.hibernate.engine.jdbc.mutation.internal.AbstractMutationExecutor.execute(AbstractMutationExecutor.java:55)
            at app//org.hibernate.persister.entity.mutation.InsertCoordinatorStandard.doStaticInserts(InsertCoordinatorStandard.java:194)
            at app//org.hibernate.persister.entity.mutation.InsertCoordinatorStandard.coordinateInsert(InsertCoordinatorStandard.java:132)
            at app//org.hibernate.persister.entity.mutation.InsertCoordinatorStandard.insert(InsertCoordinatorStandard.java:95)
            at app//org.hibernate.action.internal.EntityIdentityInsertAction.execute(EntityIdentityInsertAction.java:85)
            at app//org.hibernate.engine.spi.ActionQueue.execute(ActionQueue.java:682)
            at app//org.hibernate.engine.spi.ActionQueue.addResolvedEntityInsertAction(ActionQueue.java:293)
            at app//org.hibernate.engine.spi.ActionQueue.addInsertAction(ActionQueue.java:274)
            at app//org.hibernate.engine.spi.ActionQueue.addAction(ActionQueue.java:324)
            at app//org.hibernate.event.internal.AbstractSaveEventListener.addInsertAction(AbstractSaveEventListener.java:393)
            at app//org.hibernate.event.internal.AbstractSaveEventListener.performSaveOrReplicate(AbstractSaveEventListener.java:307)
            at app//org.hibernate.event.internal.AbstractSaveEventListener.performSave(AbstractSaveEventListener.java:223)
            at app//org.hibernate.event.internal.AbstractSaveEventListener.saveWithGeneratedId(AbstractSaveEventListener.java:136)
            at app//org.hibernate.event.internal.DefaultPersistEventListener.entityIsTransient(DefaultPersistEventListener.java:177)
            at app//org.hibernate.event.internal.DefaultPersistEventListener.persist(DefaultPersistEventListener.java:95)
            at app//org.hibernate.event.internal.DefaultPersistEventListener.onPersist(DefaultPersistEventListener.java:79)
            at app//org.hibernate.event.internal.DefaultPersistEventListener.onPersist(DefaultPersistEventListener.java:55)
            at app//org.hibernate.event.service.internal.EventListenerGroupImpl.fireEventOnEachListener(EventListenerGroupImpl.java:127)
            at app//org.hibernate.internal.SessionImpl.firePersist(SessionImpl.java:761)
            at app//org.hibernate.internal.SessionImpl.persist(SessionImpl.java:745)
            at java.base@21.0.10/jdk.internal.reflect.DirectMethodHandleAccessor.invoke(DirectMethodHandleAccessor.java:103)
            at java.base@21.0.10/java.lang.reflect.Method.invoke(Method.java:580)
            at app//org.springframework.orm.jpa.SharedEntityManagerCreator$SharedEntityManagerInvocationHandler.invoke(SharedEntityManagerCreator.java:320)
            at app/jdk.proxy3/jdk.proxy3.$Proxy153.persist(Unknown Source)
            at app//org.springframework.data.jpa.repository.support.SimpleJpaRepository.save(SimpleJpaRepository.java:627)
            at java.base@21.0.10/jdk.internal.reflect.DirectMethodHandleAccessor.invoke(DirectMethodHandleAccessor.java:103)
            at java.base@21.0.10/java.lang.reflect.Method.invoke(Method.java:580)
            at app//org.springframework.aop.support.AopUtils.invokeJoinpointUsingReflection(AopUtils.java:359)
            at app//org.springframework.data.repository.core.support.RepositoryMethodInvoker$RepositoryFragmentMethodInvoker.lambda$new$0(RepositoryMethodInvoker.java:277)
            at app//org.springframework.data.repository.core.support.RepositoryMethodInvoker.doInvoke(RepositoryMethodInvoker.java:170)
            at app//org.springframework.data.repository.core.support.RepositoryMethodInvoker.invoke(RepositoryMethodInvoker.java:158)
            at app//org.springframework.data.repository.core.support.RepositoryComposition$RepositoryFragments.invoke(RepositoryComposition.java:515)
            at app//org.springframework.data.repository.core.support.RepositoryComposition.invoke(RepositoryComposition.java:284)
            at app//org.springframework.data.repository.core.support.RepositoryFactorySupport$ImplementationMethodExecutionInterceptor.invoke(RepositoryFactorySupport.java:752)
            at app//org.springframework.aop.framework.ReflectiveMethodInvocation.proceed(ReflectiveMethodInvocation.java:184)
            at app//org.springframework.data.repository.core.support.QueryExecutorMethodInterceptor.doInvoke(QueryExecutorMethodInterceptor.java:174)
            at app//org.springframework.data.repository.core.support.QueryExecutorMethodInterceptor.invoke(QueryExecutorMethodInterceptor.java:149)
            at app//org.springframework.aop.framework.ReflectiveMethodInvocation.proceed(ReflectiveMethodInvocation.java:184)
            at app//org.springframework.data.projection.DefaultMethodInvokingMethodInterceptor.invoke(DefaultMethodInvokingMethodInterceptor.java:69)
            at app//org.springframework.aop.framework.ReflectiveMethodInvocation.proceed(ReflectiveMethodInvocation.java:184)
            at app//org.springframework.transaction.interceptor.TransactionAspectSupport.invokeWithinTransaction(TransactionAspectSupport.java:380)
            at app//org.springframework.transaction.interceptor.TransactionInterceptor.invoke(TransactionInterceptor.java:119)
            at app//org.springframework.aop.framework.ReflectiveMethodInvocation.proceed(ReflectiveMethodInvocation.java:184)
            at app//org.springframework.dao.support.PersistenceExceptionTranslationInterceptor.invoke(PersistenceExceptionTranslationInterceptor.java:138)
            ... 17 more

            Caused by:
            org.h2.jdbc.JdbcSQLIntegrityConstraintViolationException: NULL not allowed for column "CANCELLED_AMOUNT"; SQL statement:
            insert into "order" (cancelled_point,order_no,ordered_point,reg_date,reg_date_time,type,upd_date,upd_date_time,user_id,id) values (?,?,?,?,?,?,?,?,?,default) [23502-232]
                at app//org.h2.message.DbException.getJdbcSQLException(DbException.java:520)
                at app//org.h2.message.DbException.getJdbcSQLException(DbException.java:489)
                at app//org.h2.message.DbException.get(DbException.java:223)
                at app//org.h2.message.DbException.get(DbException.java:199)
                at app//org.h2.table.Column.validateConvertUpdateSequence(Column.java:402)
                at app//org.h2.table.Table.convertInsertRow(Table.java:963)
                at app//org.h2.command.dml.Insert.insertRows(Insert.java:167)
                at app//org.h2.command.dml.Insert.update(Insert.java:135)
                at app//org.h2.command.CommandContainer.executeUpdateWithGeneratedKeys(CommandContainer.java:212)
                at app//org.h2.command.CommandContainer.update(CommandContainer.java:133)
                at app//org.h2.command.Command.executeUpdate(Command.java:304)
                at app//org.h2.command.Command.executeUpdate(Command.java:248)
                at app//org.h2.jdbc.JdbcPreparedStatement.executeUpdateInternal(JdbcPreparedStatement.java:213)
                at app//org.h2.jdbc.JdbcPreparedStatement.executeUpdate(JdbcPreparedStatement.java:172)
                at app//com.zaxxer.hikari.pool.ProxyPreparedStatement.executeUpdate(ProxyPreparedStatement.java:61)
                at app//com.zaxxer.hikari.pool.HikariProxyPreparedStatement.executeUpdate(HikariProxyPreparedStatement.java)
                at app//org.hibernate.engine.jdbc.internal.ResultSetReturnImpl.executeUpdate(ResultSetReturnImpl.java:194)
                ... 63 more

1 test completed, 1 failed
Finished generating test XML results (0.0 secs) into: /Users/user/projects/point/build/test-results/test
Generating HTML test report...
Finished generating test html results (0.001 secs) into: /Users/user/projects/point/build/reports/tests/test

FAILURE: Build failed with an exception.

* What went wrong:
Execution failed for task ':test'.
> There were failing tests. See the report at: file:///Users/user/projects/point/build/reports/tests/test/index.html

* Try:
> Run with --scan to generate a Build Scan (Powered by Develocity).

BUILD FAILED in 5s
5 actionable tasks: 2 executed, 3 up-to-date
Watched directory hierarchies: [/Users/user/projects/point]
